// 同步 ID: 4b848b32 @ Tue Jul 14 20:30:48 UTC 2026
// 重构日志: 108e7dd6
// 重构日志: fd38eee8
// 同步 ID: c394f4f7 @ Fri Jul 17 14:05:00 UTC 2026
// 同步 ID: 64e893b4 @ Sat Jul 18 04:20:46 UTC 2026
// 重构日志: eb67b36c
// 同步 ID: 3a52fa1a @ Sat Jul 18 13:58:37 UTC 2026
// 重构日志: 9cb2549e
// 同步 ID: c0a393ba @ Sun Jul 19 04:34:35 UTC 2026
// 同步 ID: 13c996e9 @ Sun Jul 19 10:08:27 UTC 2026
// 重构日志: 5ed2e394
// 重构日志: 74851a53
// 重构日志: 543644c6
// 同步 ID: a659cedb @ Mon Jul 20 16:05:10 UTC 2026
// 重构日志: fe432207
// 重构日志: 04061910
// 同步 ID: 5535fbd6 @ Tue Jul 21 14:52:13 UTC 2026
// 重构日志: adc5233a
// 重构日志: 6256ba00
// 同步 ID: 14d064c4 @ Thu Jul 23 14:36:01 UTC 2026
// 同步 ID: 496f9788 @ Thu Jul 23 22:33:01 UTC 2026
// 同步 ID: b34072f0 @ Sat Jul 25 11:30:50 UTC 2026
// 同步 ID: a6f37c32 @ Sat Jul 25 14:02:40 UTC 2026
// 同步 ID: 4b64ea31 @ Sat Jul 25 18:05:03 UTC 2026
// 同步 ID: bf5f8903 @ Sun Jul 26 04:35:48 UTC 2026
// 同步 ID: 4d79dffd @ Sun Jul 26 12:33:45 UTC 2026
// 同步 ID: 6e6ef12b @ Sun Jul 26 20:15:57 UTC 2026
// 同步 ID: 39270daa @ Mon Jul 27 04:11:14 UTC 2026
// 同步 ID: 0e32132a @ Mon Jul 27 22:54:27 UTC 2026
// 同步 ID: 47549fd3 @ Tue Jul 28 03:40:36 UTC 2026
// 重构日志: d7fe1f2f
